[demos.creative-tim.com/soft-ui-dashboard/pages/dashboarda966.html]
[backblue.gif]
[fade.gif]
[index.html]
[demos.creative-tim.com/soft-ui-dashboard/pages/dashboard.html]
[demos.creative-tim.com/soft-ui-dashboard/pages/tables.html]
[demos.creative-tim.com/soft-ui-dashboard/pages/billing.html]
[demos.creative-tim.com/soft-ui-dashboard/pages/virtual-reality.html]
[demos.creative-tim.com/soft-ui-dashboard/pages/rtl.html]
[demos.creative-tim.com/soft-ui-dashboard/pages/profile.html]
[demos.creative-tim.com/soft-ui-dashboard/pages/sign-in.html]
[demos.creative-tim.com/soft-ui-dashboard/pages/sign-up.html]
[demos.creative-tim.com/soft-ui-dashboard/pages/dashboarda966.html]
[demos.creative-tim.com/soft-ui-dashboard/pages/dashboard.html]
[demos.creative-tim.com/soft-ui-dashboard/pages/tables.html]
[demos.creative-tim.com/soft-ui-dashboard/pages/billing.html]
[demos.creative-tim.com/soft-ui-dashboard/pages/virtual-reality.html]
[demos.creative-tim.com/soft-ui-dashboard/pages/rtl.html]
[demos.creative-tim.com/soft-ui-dashboard/pages/profile.html]
[demos.creative-tim.com/soft-ui-dashboard/pages/sign-in.html]
[demos.creative-tim.com/soft-ui-dashboard/pages/sign-up.html]
